Configuration on demand is an incubating feature.
WARNING: We recommend using a newer Android Gradle plugin to use compileSdk = 35

This Android Gradle plugin (8.2.2) was tested up to compileSdk = 34.

You are strongly encouraged to update your project to use a newer
Android Gradle plugin that has been tested with compileSdk = 35.

If you are already using the latest version of the Android Gradle plugin,
you may need to wait until a newer version with support for compileSdk = 35 is available.

To suppress this warning, add/update
    android.suppressUnsupportedCompileSdk=35
to this project's gradle.properties.
> Task :app:preBuild UP-TO-DATE
> Task :app:preDebugBuild UP-TO-DATE
> Task :app:mergeDebugNativeDebugMetadata NO-SOURCE
> Task :app:checkKotlinGradlePluginConfigurationErrors SKIPPED
> Task :app:generateDebugBuildConfig UP-TO-DATE
> Task :app:checkDebugAarMetadata
> Task :app:checkDebugAarMetadata FAILED
.\gradlew : 
At line:1 char:1
+ .\gradlew 
assembleDebug 2>&1 | 
Out-File -FilePath 
build_errors.txt -E ...
+ ~~~~~~~~~~~~~~~~~~~~~
~~~~~~~
    + CategoryInfo     
         : NotSpecifi  
  ed: (:String) [],    
 RemoteException
    + FullyQualifiedEr 
   rorId : NativeComm  
  andError
 
FAILURE: Build failed 
with an exception.

* What went wrong:
Execution failed for 
task ':app:checkDebugAa
rMetadata'.
> Could not resolve 
all files for 
configuration ':app:deb
ugRuntimeClasspath'.
   > Could not resolve 
androidx.lifecycle:life
cycle-process:2.7.0.
     Required by:
         project :app 
> androidx.lifecycle:li
fecycle-runtime-ktx:2.7
.0
         project :app 
> androidx.lifecycle:li
fecycle-viewmodel-compo
se:2.7.0
         project :app 
> androidx.lifecycle:li
fecycle-runtime-ktx:2.7
.0 > androidx.lifecycle
:lifecycle-runtime:2.7.
0
         project :app 
> androidx.lifecycle:li
fecycle-viewmodel-compo
se:2.7.0 > androidx.lif
ecycle:lifecycle-common
-java8:2.7.0
         project :app 
> androidx.lifecycle:li
fecycle-viewmodel-compo
se:2.7.0 > androidx.lif
ecycle:lifecycle-viewmo
del-ktx:2.7.0
         project :app 
> androidx.lifecycle:li
fecycle-viewmodel-compo
se:2.7.0 > androidx.lif
ecycle:lifecycle-viewmo
del-savedstate:2.7.0
         project :app 
> androidx.activity:act
ivity-compose:1.8.2 > a
ndroidx.lifecycle:lifec
ycle-viewmodel:2.7.0
         project :app 
> com.google.dagger:hil
t-android:2.51.1 > andr
oidx.lifecycle:lifecycl
e-common:2.7.0
         project :app 
> androidx.lifecycle:li
fecycle-viewmodel-compo
se:2.7.0 > androidx.lif
ecycle:lifecycle-liveda
ta-core:2.7.0
         project :app 
> androidx.lifecycle:li
fecycle-runtime-ktx:2.7
.0 > androidx.lifecycle
:lifecycle-livedata:2.7
.0
         project :app 
> androidx.lifecycle:li
fecycle-runtime-ktx:2.7
.0 > androidx.lifecycle
:lifecycle-service:2.7.
0
         project :app 
> androidx.lifecycle:li
fecycle-viewmodel-compo
se:2.7.0 > androidx.lif
ecycle:lifecycle-liveda
ta-core-ktx:2.7.0
      > Skipped due to 
earlier error
   > Could not resolve 
androidx.compose.animat
ion:animation-core-andr
oid:1.6.1.
     Required by:
         project :app 
> androidx.compose:comp
ose-bom:2024.02.00
         project :app 
> androidx.compose:comp
ose-bom:2024.02.00 > an
droidx.compose.animatio
n:animation-core:1.6.1
      > Could not 
resolve androidx.compos
e.animation:animation-c
ore-android:1.6.1.
         > Could not 
get resource 'https://d
l.google.com/dl/android
/maven2/androidx/compos
e/animation/animation-c
ore-android/1.6.1/anima
tion-core-android-1.6.1
.pom'.
            > Read 
timed out
   > Could not resolve 
androidx.compose.ui:ui-
geometry-android:1.6.1.
     Required by:
         project :app 
> androidx.compose:comp
ose-bom:2024.02.00
         project :app 
> androidx.compose.ui:u
i-text-google-fonts:1.6
.1 > androidx.compose.u
i:ui-geometry:1.6.1
      > Skipped due to 
earlier error
   > Could not resolve 
androidx.compose.ui:ui-
unit-android:1.6.1.
     Required by:
         project :app 
> androidx.compose:comp
ose-bom:2024.02.00
         project :app 
> androidx.compose.ui:u
i-text-google-fonts:1.6
.1 > androidx.compose.u
i:ui-unit:1.6.1
      > Skipped due to 
earlier error
   > Could not resolve 
androidx.compose.ui:ui-
tooling-data-android:1.
6.1.
     Required by:
         project :app 
> androidx.compose:comp
ose-bom:2024.02.00
         project :app 
> androidx.compose:comp
ose-bom:2024.02.00 > an
droidx.compose.ui:ui-to
oling-data:1.6.1
      > Skipped due to 
earlier error
   > Could not resolve 
androidx.compose.materi
al:material-android:1.6
.1.
     Required by:
         project :app 
> androidx.compose:comp
ose-bom:2024.02.00
         project :app 
> androidx.compose:comp
ose-bom:2024.02.00 > an
droidx.compose.material
:material:1.6.1
      > Skipped due to 
earlier error
   > Could not resolve 
com.google.android.gms:
play-services-fido:20.1
.0.
     Required by:
         project :app 
> com.google.android.gm
s:play-services-auth:21
.2.0
      > Skipped due to 
earlier error
   > Could not resolve 
androidx.annotation:ann
otation-jvm:1.7.0.
     Required by:
         project :app 
> androidx.core:core-kt
x:1.12.0 > androidx.ann
otation:annotation:1.7.
0
      > Skipped due to 
earlier error
   > Could not resolve 
androidx.collection:col
lection-ktx:1.4.0.
     Required by:
         project :app 
> androidx.hilt:hilt-na
vigation-compose:1.2.0 
> androidx.hilt:hilt-na
vigation:1.2.0 > androi
dx.navigation:navigatio
n-runtime:2.5.1 > andro
idx.navigation:navigati
on-common:2.5.1
      > Skipped due to 
earlier error
   > Could not resolve 
androidx.lifecycle:life
cycle-process:2.7.0.
     Required by:
         project :app 
> androidx.compose.ui:u
i:1.6.1 > androidx.comp
ose.ui:ui-android:1.6.1
 > androidx.emoji2:emoj
i2:1.3.0
      > Skipped due to 
earlier error
   > Could not resolve 
com.google.android.gms:
play-services-fido:20.1
.0.
     Required by:
         project :app 
> com.google.firebase:f
irebase-auth-ktx:23.0.0
 > com.google.firebase:
firebase-auth:23.0.0 > 
androidx.credentials:cr
edentials-play-services
-auth:1.2.0-rc01
      > Skipped due to 
earlier error
   > Could not resolve 
com.google.android.libr
aries.identity.googleid
:googleid:1.1.0.
     Required by:
         project :app 
> com.google.firebase:f
irebase-auth-ktx:23.0.0
 > com.google.firebase:
firebase-auth:23.0.0 > 
androidx.credentials:cr
edentials-play-services
-auth:1.2.0-rc01
      > Skipped due to 
earlier error
   > Could not resolve 
androidx.collection:col
lection-ktx:1.4.0.
     Required by:
         project :app 
> androidx.core:core-kt
x:1.12.0 > androidx.cor
e:core:1.12.0 > android
x.collection:collection
:1.4.0 > androidx.colle
ction:collection-jvm:1.
4.0
      > Skipped due to 
earlier error
   > Could not resolve 
androidx.collection:col
lection-ktx:1.4.0.
     Required by:
         project :app 
> androidx.core:core-kt
x:1.12.0 > androidx.cor
e:core:1.12.0 > android
x.collection:collection
:1.4.0 > androidx.colle
ction:collection-jvm:1.
4.0
      > Skipped due to 
earlier error

* Try:
> Run with 
--stacktrace option to 
get the stack trace.
> Run with --info or 
--debug option to get 
more log output.
> Run with --scan to 
get full insights.
> Get more help at http
s://help.gradle.org.

BUILD FAILED in 2m 15s
2 actionable tasks: 1 executed, 1 up-to-date
